
         /\      Grafana   /‾‾/  
    /\  /  \     |\  __   /  /   
   /  \/    \    | |/ /  /   ‾‾\ 
  /          \   |   (  |  (‾)  |
 / __________ \  |_|\_\  \_____/ 


     execution: local
        script: /bench/load.js
        output: -

     scenarios: (100.00%) 1 scenario, 1000 max VUs, 1m30s max duration (incl. graceful stop):
              * load: 500.00 iterations/s for 1m0s (maxVUs: 200-1000, gracefulStop: 30s)


Run    [ 100% ] setup()
load   [   0% ]

running (0m02.0s), 0202/0203 VUs, 192 complete and 0 interrupted iterations
load   [   1% ] 0202/0203 VUs  0m00.8s/1m0s  500.00 iters/s

running (0m03.0s), 0318/0321 VUs, 440 complete and 0 interrupted iterations
load   [   3% ] 0318/0321 VUs  0m01.8s/1m0s  500.00 iters/s

running (0m04.0s), 0407/0409 VUs, 748 complete and 0 interrupted iterations
load   [   5% ] 0407/0409 VUs  0m02.8s/1m0s  500.00 iters/s

running (0m05.0s), 0487/0487 VUs, 1080 complete and 0 interrupted iterations
load   [   6% ] 0487/0487 VUs  0m03.8s/1m0s  500.00 iters/s

running (0m06.0s), 0602/0602 VUs, 1320 complete and 0 interrupted iterations
load   [   8% ] 0602/0602 VUs  0m04.8s/1m0s  500.00 iters/s

running (0m07.0s), 0735/0735 VUs, 1530 complete and 0 interrupted iterations
load   [  10% ] 0735/0735 VUs  0m05.8s/1m0s  500.00 iters/s

running (0m08.0s), 0858/0858 VUs, 1760 complete and 0 interrupted iterations
load   [  11% ] 0858/0858 VUs  0m06.8s/1m0s  500.00 iters/s

running (0m09.0s), 1000/1000 VUs, 1938 complete and 0 interrupted iterations
load   [  13% ] 1000/1000 VUs  0m07.8s/1m0s  500.00 iters/s

running (0m10.0s), 1000/1000 VUs, 2182 complete and 0 interrupted iterations
load   [  15% ] 1000/1000 VUs  0m08.8s/1m0s  500.00 iters/s

running (0m11.0s), 1000/1000 VUs, 2409 complete and 0 interrupted iterations
load   [  16% ] 1000/1000 VUs  0m09.8s/1m0s  500.00 iters/s

running (0m12.0s), 1000/1000 VUs, 2599 complete and 0 interrupted iterations
load   [  18% ] 1000/1000 VUs  0m10.8s/1m0s  500.00 iters/s

running (0m13.0s), 0999/1000 VUs, 2806 complete and 0 interrupted iterations
load   [  20% ] 0999/1000 VUs  0m11.8s/1m0s  500.00 iters/s

running (0m14.0s), 1000/1000 VUs, 2975 complete and 0 interrupted iterations
load   [  21% ] 1000/1000 VUs  0m12.8s/1m0s  500.00 iters/s

running (0m15.0s), 1000/1000 VUs, 3247 complete and 0 interrupted iterations
load   [  23% ] 1000/1000 VUs  0m13.8s/1m0s  500.00 iters/s

running (0m16.0s), 0999/1000 VUs, 3535 complete and 0 interrupted iterations
load   [  25% ] 0999/1000 VUs  0m14.8s/1m0s  500.00 iters/s

running (0m17.0s), 1000/1000 VUs, 3840 complete and 0 interrupted iterations
load   [  26% ] 1000/1000 VUs  0m15.8s/1m0s  500.00 iters/s

running (0m18.0s), 0997/1000 VUs, 4116 complete and 0 interrupted iterations
load   [  28% ] 0997/1000 VUs  0m16.8s/1m0s  500.00 iters/s

running (0m19.0s), 1000/1000 VUs, 4349 complete and 0 interrupted iterations
load   [  30% ] 1000/1000 VUs  0m17.8s/1m0s  500.00 iters/s

running (0m20.0s), 0999/1000 VUs, 4565 complete and 0 interrupted iterations
load   [  31% ] 0999/1000 VUs  0m18.8s/1m0s  500.00 iters/s

running (0m21.0s), 1000/1000 VUs, 4761 complete and 0 interrupted iterations
load   [  33% ] 1000/1000 VUs  0m19.8s/1m0s  500.00 iters/s

running (0m22.0s), 0997/1000 VUs, 5016 complete and 0 interrupted iterations
load   [  35% ] 0997/1000 VUs  0m20.8s/1m0s  500.00 iters/s

running (0m23.0s), 1000/1000 VUs, 5222 complete and 0 interrupted iterations
load   [  36% ] 1000/1000 VUs  0m21.8s/1m0s  500.00 iters/s

running (0m24.0s), 0997/1000 VUs, 5410 complete and 0 interrupted iterations
load   [  38% ] 0997/1000 VUs  0m22.8s/1m0s  500.00 iters/s

running (0m25.0s), 1000/1000 VUs, 5564 complete and 0 interrupted iterations
load   [  40% ] 1000/1000 VUs  0m23.8s/1m0s  500.00 iters/s

running (0m26.0s), 0998/1000 VUs, 5788 complete and 0 interrupted iterations
load   [  41% ] 0998/1000 VUs  0m24.8s/1m0s  500.00 iters/s

running (0m27.0s), 1000/1000 VUs, 6036 complete and 0 interrupted iterations
load   [  43% ] 1000/1000 VUs  0m25.8s/1m0s  500.00 iters/s

running (0m28.0s), 1000/1000 VUs, 6268 complete and 0 interrupted iterations
load   [  45% ] 1000/1000 VUs  0m26.8s/1m0s  500.00 iters/s

running (0m29.0s), 1000/1000 VUs, 6478 complete and 0 interrupted iterations
load   [  46% ] 1000/1000 VUs  0m27.8s/1m0s  500.00 iters/s

running (0m30.0s), 1000/1000 VUs, 6680 complete and 0 interrupted iterations
load   [  48% ] 1000/1000 VUs  0m28.8s/1m0s  500.00 iters/s

running (0m31.0s), 1000/1000 VUs, 6852 complete and 0 interrupted iterations
load   [  50% ] 1000/1000 VUs  0m29.8s/1m0s  500.00 iters/s

running (0m32.0s), 1000/1000 VUs, 7040 complete and 0 interrupted iterations
load   [  51% ] 1000/1000 VUs  0m30.8s/1m0s  500.00 iters/s

running (0m33.0s), 1000/1000 VUs, 7193 complete and 0 interrupted iterations
load   [  53% ] 1000/1000 VUs  0m31.8s/1m0s  500.00 iters/s

running (0m34.0s), 0999/1000 VUs, 7328 complete and 0 interrupted iterations
load   [  55% ] 0999/1000 VUs  0m32.8s/1m0s  500.00 iters/s

running (0m35.0s), 0996/1000 VUs, 7460 complete and 0 interrupted iterations
load   [  56% ] 0996/1000 VUs  0m33.8s/1m0s  500.00 iters/s

running (0m36.0s), 0998/1000 VUs, 7628 complete and 0 interrupted iterations
load   [  58% ] 0998/1000 VUs  0m34.8s/1m0s  500.00 iters/s

running (0m37.0s), 1000/1000 VUs, 7772 complete and 0 interrupted iterations
load   [  60% ] 1000/1000 VUs  0m35.8s/1m0s  500.00 iters/s

running (0m38.0s), 0999/1000 VUs, 7911 complete and 0 interrupted iterations
load   [  61% ] 0999/1000 VUs  0m36.8s/1m0s  500.00 iters/s

running (0m39.0s), 0998/1000 VUs, 8056 complete and 0 interrupted iterations
load   [  63% ] 0998/1000 VUs  0m37.8s/1m0s  500.00 iters/s

running (0m40.0s), 1000/1000 VUs, 8164 complete and 0 interrupted iterations
load   [  65% ] 1000/1000 VUs  0m38.8s/1m0s  500.00 iters/s

running (0m41.0s), 1000/1000 VUs, 8314 complete and 0 interrupted iterations
load   [  66% ] 1000/1000 VUs  0m39.8s/1m0s  500.00 iters/s

running (0m42.0s), 1000/1000 VUs, 8451 complete and 0 interrupted iterations
load   [  68% ] 1000/1000 VUs  0m40.8s/1m0s  500.00 iters/s

running (0m43.0s), 1000/1000 VUs, 8587 complete and 0 interrupted iterations
load   [  70% ] 1000/1000 VUs  0m41.8s/1m0s  500.00 iters/s

running (0m44.0s), 1000/1000 VUs, 8703 complete and 0 interrupted iterations
load   [  71% ] 1000/1000 VUs  0m42.8s/1m0s  500.00 iters/s

running (0m45.0s), 1000/1000 VUs, 8828 complete and 0 interrupted iterations
load   [  73% ] 1000/1000 VUs  0m43.8s/1m0s  500.00 iters/s

running (0m46.0s), 1000/1000 VUs, 8935 complete and 0 interrupted iterations
load   [  75% ] 1000/1000 VUs  0m44.8s/1m0s  500.00 iters/s

running (0m47.0s), 0998/1000 VUs, 9065 complete and 0 interrupted iterations
load   [  76% ] 0998/1000 VUs  0m45.8s/1m0s  500.00 iters/s

running (0m48.0s), 0999/1000 VUs, 9269 complete and 0 interrupted iterations
load   [  78% ] 0999/1000 VUs  0m46.8s/1m0s  500.00 iters/s

running (0m49.0s), 1000/1000 VUs, 9404 complete and 0 interrupted iterations
load   [  80% ] 1000/1000 VUs  0m47.8s/1m0s  500.00 iters/s

running (0m50.0s), 1000/1000 VUs, 9577 complete and 0 interrupted iterations
load   [  81% ] 1000/1000 VUs  0m48.8s/1m0s  500.00 iters/s

running (0m51.0s), 1000/1000 VUs, 9782 complete and 0 interrupted iterations
load   [  83% ] 1000/1000 VUs  0m49.8s/1m0s  500.00 iters/s

running (0m52.0s), 0966/1000 VUs, 9923 complete and 0 interrupted iterations
load   [  85% ] 0966/1000 VUs  0m50.8s/1m0s  500.00 iters/s

running (0m53.0s), 0997/1000 VUs, 10100 complete and 0 interrupted iterations
load   [  86% ] 0997/1000 VUs  0m51.8s/1m0s  500.00 iters/s

running (0m54.0s), 1000/1000 VUs, 10261 complete and 0 interrupted iterations
load   [  88% ] 1000/1000 VUs  0m52.8s/1m0s  500.00 iters/s

running (0m55.0s), 0999/1000 VUs, 10389 complete and 0 interrupted iterations
load   [  90% ] 0999/1000 VUs  0m53.8s/1m0s  500.00 iters/s

running (0m56.0s), 1000/1000 VUs, 10542 complete and 0 interrupted iterations
load   [  91% ] 1000/1000 VUs  0m54.8s/1m0s  500.00 iters/s

running (0m57.0s), 1000/1000 VUs, 10654 complete and 0 interrupted iterations
load   [  93% ] 1000/1000 VUs  0m55.8s/1m0s  500.00 iters/s

running (0m58.0s), 1000/1000 VUs, 10750 complete and 0 interrupted iterations
load   [  95% ] 1000/1000 VUs  0m56.8s/1m0s  500.00 iters/s

running (0m59.0s), 1000/1000 VUs, 10835 complete and 0 interrupted iterations
load   [  96% ] 1000/1000 VUs  0m57.8s/1m0s  500.00 iters/s

running (1m00.0s), 1000/1000 VUs, 10975 complete and 0 interrupted iterations
load   [  98% ] 1000/1000 VUs  0m58.8s/1m0s  500.00 iters/s

running (1m01.0s), 0999/1000 VUs, 11100 complete and 0 interrupted iterations
load   [ 100% ] 0999/1000 VUs  0m59.8s/1m0s  500.00 iters/s

running (1m02.0s), 0869/1000 VUs, 11282 complete and 0 interrupted iterations
load ↓ [ 100% ] 1000/1000 VUs  1m0s  500.00 iters/s

running (1m03.0s), 0693/1000 VUs, 11458 complete and 0 interrupted iterations
load ↓ [ 100% ] 1000/1000 VUs  1m0s  500.00 iters/s

running (1m04.0s), 0519/1000 VUs, 11632 complete and 0 interrupted iterations
load ↓ [ 100% ] 1000/1000 VUs  1m0s  500.00 iters/s

running (1m05.0s), 0370/1000 VUs, 11781 complete and 0 interrupted iterations
load ↓ [ 100% ] 1000/1000 VUs  1m0s  500.00 iters/s

running (1m06.0s), 0129/1000 VUs, 12022 complete and 0 interrupted iterations
load ↓ [ 100% ] 1000/1000 VUs  1m0s  500.00 iters/s
reqs 284/s, checks 100.00%

running (1m06.6s), 0000/1000 VUs, 12151 complete and 0 interrupted iterations
load ✓ [ 100% ] 0000/1000 VUs  1m0s  500.00 iters/s
time="2026-10-05T09:43:21Z" level=warning msg="Insufficient VUs, reached 1000 active VUs and cannot initialize more" executor=constant-arrival-rate scenario=load
