
         /\      Grafana   /‾‾/  
    /\  /  \     |\  __   /  /   
   /  \/    \    | |/ /  /   ‾‾\ 
  /          \   |   (  |  (‾)  |
 / __________ \  |_|\_\  \_____/ 


     execution: local
        script: /bench/load.js
        output: -

     scenarios: (100.00%) 1 scenario, 64 max VUs, 50s max duration (incl. graceful stop):
              * load: 64 looping VUs for 20s (gracefulStop: 30s)


running (01.0s), 64/64 VUs, 21 complete and 0 interrupted iterations
load   [   2% ] 64 VUs  00.4s/20s

running (02.0s), 64/64 VUs, 60 complete and 0 interrupted iterations
load   [   7% ] 64 VUs  01.4s/20s

running (03.0s), 64/64 VUs, 83 complete and 0 interrupted iterations
load   [  12% ] 64 VUs  02.4s/20s

running (04.0s), 64/64 VUs, 142 complete and 0 interrupted iterations
load   [  17% ] 64 VUs  03.4s/20s

running (05.0s), 64/64 VUs, 189 complete and 0 interrupted iterations
load   [  22% ] 64 VUs  04.4s/20s

running (06.0s), 64/64 VUs, 222 complete and 0 interrupted iterations
load   [  27% ] 64 VUs  05.4s/20s

running (07.0s), 64/64 VUs, 263 complete and 0 interrupted iterations
load   [  32% ] 64 VUs  06.4s/20s

running (08.0s), 64/64 VUs, 300 complete and 0 interrupted iterations
load   [  37% ] 64 VUs  07.4s/20s

running (09.0s), 64/64 VUs, 325 complete and 0 interrupted iterations
load   [  42% ] 64 VUs  08.4s/20s

running (10.0s), 64/64 VUs, 350 complete and 0 interrupted iterations
load   [  47% ] 64 VUs  09.4s/20s

running (11.0s), 64/64 VUs, 372 complete and 0 interrupted iterations
load   [  52% ] 64 VUs  10.4s/20s

running (12.0s), 64/64 VUs, 390 complete and 0 interrupted iterations
load   [  57% ] 64 VUs  11.4s/20s

running (13.0s), 64/64 VUs, 415 complete and 0 interrupted iterations
load   [  62% ] 64 VUs  12.4s/20s

running (14.0s), 64/64 VUs, 458 complete and 0 interrupted iterations
load   [  67% ] 64 VUs  13.4s/20s

running (15.0s), 64/64 VUs, 488 complete and 0 interrupted iterations
load   [  72% ] 64 VUs  14.4s/20s

running (16.0s), 64/64 VUs, 527 complete and 0 interrupted iterations
load   [  77% ] 64 VUs  15.4s/20s

running (17.0s), 64/64 VUs, 573 complete and 0 interrupted iterations
load   [  82% ] 64 VUs  16.4s/20s

running (18.0s), 64/64 VUs, 604 complete and 0 interrupted iterations
load   [  87% ] 64 VUs  17.4s/20s

running (19.0s), 64/64 VUs, 644 complete and 0 interrupted iterations
load   [  92% ] 64 VUs  18.4s/20s

running (20.0s), 64/64 VUs, 665 complete and 0 interrupted iterations
load   [  97% ] 64 VUs  19.4s/20s

running (21.0s), 50/64 VUs, 694 complete and 0 interrupted iterations
load ↓ [ 100% ] 64 VUs  20s

running (22.0s), 15/64 VUs, 729 complete and 0 interrupted iterations
load ↓ [ 100% ] 64 VUs  20s
reqs 51/s, checks 99.87%

running (22.9s), 00/64 VUs, 744 complete and 0 interrupted iterations
load ✓ [ 100% ] 64 VUs  20s
