
         /\      Grafana   /‾‾/  
    /\  /  \     |\  __   /  /   
   /  \/    \    | |/ /  /   ‾‾\ 
  /          \   |   (  |  (‾)  |
 / __________ \  |_|\_\  \_____/ 


     execution: local
        script: /bench/load.js
        output: -

     scenarios: (100.00%) 1 scenario, 64 max VUs, 1m30s max duration (incl. graceful stop):
              * load: 64 looping VUs for 1m0s (gracefulStop: 30s)


running (0m01.0s), 64/64 VUs, 49 complete and 0 interrupted iterations
load   [   1% ] 64 VUs  0m00.4s/1m0s

running (0m02.0s), 64/64 VUs, 68 complete and 0 interrupted iterations
load   [   2% ] 64 VUs  0m01.4s/1m0s

running (0m03.0s), 64/64 VUs, 78 complete and 0 interrupted iterations
load   [   4% ] 64 VUs  0m02.4s/1m0s

running (0m04.0s), 64/64 VUs, 138 complete and 0 interrupted iterations
load   [   6% ] 64 VUs  0m03.4s/1m0s

running (0m05.0s), 64/64 VUs, 158 complete and 0 interrupted iterations
load   [   7% ] 64 VUs  0m04.4s/1m0s

running (0m06.0s), 64/64 VUs, 198 complete and 0 interrupted iterations
load   [   9% ] 64 VUs  0m05.4s/1m0s

running (0m07.0s), 64/64 VUs, 239 complete and 0 interrupted iterations
load   [  11% ] 64 VUs  0m06.4s/1m0s

running (0m08.0s), 64/64 VUs, 256 complete and 0 interrupted iterations
load   [  12% ] 64 VUs  0m07.4s/1m0s

running (0m09.0s), 64/64 VUs, 310 complete and 0 interrupted iterations
load   [  14% ] 64 VUs  0m08.4s/1m0s

running (0m10.0s), 64/64 VUs, 336 complete and 0 interrupted iterations
load   [  16% ] 64 VUs  0m09.4s/1m0s

running (0m11.0s), 64/64 VUs, 347 complete and 0 interrupted iterations
load   [  17% ] 64 VUs  0m10.4s/1m0s

running (0m12.0s), 64/64 VUs, 373 complete and 0 interrupted iterations
load   [  19% ] 64 VUs  0m11.4s/1m0s

running (0m13.0s), 64/64 VUs, 405 complete and 0 interrupted iterations
load   [  21% ] 64 VUs  0m12.4s/1m0s

running (0m14.0s), 64/64 VUs, 414 complete and 0 interrupted iterations
load   [  22% ] 64 VUs  0m13.4s/1m0s

running (0m15.0s), 64/64 VUs, 456 complete and 0 interrupted iterations
load   [  24% ] 64 VUs  0m14.4s/1m0s

running (0m16.0s), 64/64 VUs, 471 complete and 0 interrupted iterations
load   [  26% ] 64 VUs  0m15.4s/1m0s

running (0m17.0s), 64/64 VUs, 491 complete and 0 interrupted iterations
load   [  27% ] 64 VUs  0m16.4s/1m0s

running (0m18.0s), 64/64 VUs, 506 complete and 0 interrupted iterations
load   [  29% ] 64 VUs  0m17.4s/1m0s

running (0m19.0s), 64/64 VUs, 522 complete and 0 interrupted iterations
load   [  31% ] 64 VUs  0m18.4s/1m0s

running (0m20.0s), 64/64 VUs, 559 complete and 0 interrupted iterations
load   [  32% ] 64 VUs  0m19.4s/1m0s

running (0m21.0s), 64/64 VUs, 592 complete and 0 interrupted iterations
load   [  34% ] 64 VUs  0m20.4s/1m0s

running (0m22.0s), 64/64 VUs, 614 complete and 0 interrupted iterations
load   [  36% ] 64 VUs  0m21.4s/1m0s

running (0m23.0s), 64/64 VUs, 655 complete and 0 interrupted iterations
load   [  37% ] 64 VUs  0m22.4s/1m0s

running (0m24.0s), 64/64 VUs, 692 complete and 0 interrupted iterations
load   [  39% ] 64 VUs  0m23.4s/1m0s

running (0m25.0s), 64/64 VUs, 759 complete and 0 interrupted iterations
load   [  41% ] 64 VUs  0m24.4s/1m0s

running (0m26.0s), 64/64 VUs, 793 complete and 0 interrupted iterations
load   [  42% ] 64 VUs  0m25.4s/1m0s

running (0m27.0s), 64/64 VUs, 814 complete and 0 interrupted iterations
load   [  44% ] 64 VUs  0m26.4s/1m0s

running (0m28.0s), 64/64 VUs, 855 complete and 0 interrupted iterations
load   [  46% ] 64 VUs  0m27.4s/1m0s

running (0m29.0s), 64/64 VUs, 897 complete and 0 interrupted iterations
load   [  47% ] 64 VUs  0m28.4s/1m0s

running (0m30.0s), 64/64 VUs, 923 complete and 0 interrupted iterations
load   [  49% ] 64 VUs  0m29.4s/1m0s

running (0m31.0s), 64/64 VUs, 961 complete and 0 interrupted iterations
load   [  51% ] 64 VUs  0m30.4s/1m0s

running (0m32.0s), 64/64 VUs, 995 complete and 0 interrupted iterations
load   [  52% ] 64 VUs  0m31.4s/1m0s

running (0m33.0s), 64/64 VUs, 1015 complete and 0 interrupted iterations
load   [  54% ] 64 VUs  0m32.4s/1m0s

running (0m34.0s), 64/64 VUs, 1044 complete and 0 interrupted iterations
load   [  56% ] 64 VUs  0m33.4s/1m0s

running (0m35.0s), 64/64 VUs, 1064 complete and 0 interrupted iterations
load   [  57% ] 64 VUs  0m34.4s/1m0s

running (0m36.0s), 64/64 VUs, 1075 complete and 0 interrupted iterations
load   [  59% ] 64 VUs  0m35.4s/1m0s

running (0m37.0s), 64/64 VUs, 1113 complete and 0 interrupted iterations
load   [  61% ] 64 VUs  0m36.4s/1m0s

running (0m38.0s), 64/64 VUs, 1149 complete and 0 interrupted iterations
load   [  62% ] 64 VUs  0m37.4s/1m0s

running (0m39.0s), 64/64 VUs, 1169 complete and 0 interrupted iterations
load   [  64% ] 64 VUs  0m38.4s/1m0s

running (0m40.0s), 64/64 VUs, 1208 complete and 0 interrupted iterations
load   [  66% ] 64 VUs  0m39.4s/1m0s

running (0m41.0s), 64/64 VUs, 1245 complete and 0 interrupted iterations
load   [  67% ] 64 VUs  0m40.4s/1m0s

running (0m42.0s), 64/64 VUs, 1268 complete and 0 interrupted iterations
load   [  69% ] 64 VUs  0m41.4s/1m0s

running (0m43.0s), 64/64 VUs, 1289 complete and 0 interrupted iterations
load   [  71% ] 64 VUs  0m42.4s/1m0s

running (0m44.0s), 64/64 VUs, 1304 complete and 0 interrupted iterations
load   [  72% ] 64 VUs  0m43.4s/1m0s

running (0m45.0s), 64/64 VUs, 1323 complete and 0 interrupted iterations
load   [  74% ] 64 VUs  0m44.4s/1m0s

running (0m46.0s), 64/64 VUs, 1334 complete and 0 interrupted iterations
load   [  76% ] 64 VUs  0m45.4s/1m0s

running (0m47.0s), 64/64 VUs, 1356 complete and 0 interrupted iterations
load   [  77% ] 64 VUs  0m46.4s/1m0s

running (0m48.0s), 64/64 VUs, 1373 complete and 0 interrupted iterations
load   [  79% ] 64 VUs  0m47.4s/1m0s

running (0m49.0s), 64/64 VUs, 1400 complete and 0 interrupted iterations
load   [  81% ] 64 VUs  0m48.4s/1m0s

running (0m50.0s), 64/64 VUs, 1432 complete and 0 interrupted iterations
load   [  82% ] 64 VUs  0m49.4s/1m0s

running (0m51.0s), 64/64 VUs, 1474 complete and 0 interrupted iterations
load   [  84% ] 64 VUs  0m50.4s/1m0s

running (0m52.0s), 64/64 VUs, 1481 complete and 0 interrupted iterations
load   [  86% ] 64 VUs  0m51.4s/1m0s

running (0m53.0s), 64/64 VUs, 1512 complete and 0 interrupted iterations
load   [  87% ] 64 VUs  0m52.4s/1m0s

running (0m54.0s), 64/64 VUs, 1566 complete and 0 interrupted iterations
load   [  89% ] 64 VUs  0m53.4s/1m0s

running (0m55.0s), 64/64 VUs, 1581 complete and 0 interrupted iterations
load   [  91% ] 64 VUs  0m54.4s/1m0s

running (0m56.0s), 64/64 VUs, 1611 complete and 0 interrupted iterations
load   [  92% ] 64 VUs  0m55.4s/1m0s

running (0m57.0s), 64/64 VUs, 1645 complete and 0 interrupted iterations
load   [  94% ] 64 VUs  0m56.4s/1m0s

running (0m58.0s), 64/64 VUs, 1670 complete and 0 interrupted iterations
load   [  96% ] 64 VUs  0m57.4s/1m0s

running (0m59.0s), 64/64 VUs, 1690 complete and 0 interrupted iterations
load   [  97% ] 64 VUs  0m58.4s/1m0s

running (1m00.0s), 64/64 VUs, 1717 complete and 0 interrupted iterations
load   [  99% ] 64 VUs  0m59.4s/1m0s

running (1m01.0s), 58/64 VUs, 1744 complete and 0 interrupted iterations
load ↓ [ 100% ] 64 VUs  1m0s

running (1m02.0s), 34/64 VUs, 1768 complete and 0 interrupted iterations
load ↓ [ 100% ] 64 VUs  1m0s

running (1m03.0s), 09/64 VUs, 1793 complete and 0 interrupted iterations
load ↓ [ 100% ] 64 VUs  1m0s
reqs 44/s, checks 98.95%

running (1m03.5s), 00/64 VUs, 1802 complete and 0 interrupted iterations
load ✓ [ 100% ] 64 VUs  1m0s
time="2026-10-05T10:19:15Z" level=error msg="thresholds on metrics 'checks' have been crossed"
