
### ts-sqlite 1cpu
startup 0.677s idle mem 131.7 MB
  health        {"rps": 73665.4, "p50_ms": 0.82, "p99_ms": 1.68, "success": 1.0, "errors": {"aborted due to deadline": 64}, "cpu_cores": 0.96, "peak_mem_mb": 139.9, "rps_per_core": 76735.0}
  get_user      {"rps": 55325.1, "p50_ms": 1.11, "p99_ms": 2.24, "success": 1.0, "errors": {"aborted due to deadline": 63}, "cpu_cores": 0.961, "peak_mem_mb": 142.3, "rps_per_core": 57570.0}
  proxy         {"rps": 27617.9, "p50_ms": 1.94, "p99_ms": 15.25, "success": 1.0, "errors": {"aborted due to deadline": 63}, "cpu_cores": 0.964, "peak_mem_mb": 158.5, "rps_per_core": 28649.0}
  get_order     {"rps": 28865.5, "p50_ms": 2.13, "p99_ms": 4.23, "success": 1.0, "errors": {"aborted due to deadline": 59}, "cpu_cores": 0.962, "peak_mem_mb": 173.1, "rps_per_core": 30006.0}
  list_orders   {"rps": 22882.6, "p50_ms": 2.64, "p99_ms": 5.46, "success": 1.0, "errors": {"aborted due to deadline": 62}, "cpu_cores": 0.963, "peak_mem_mb": 172.7, "rps_per_core": 23762.0}
  create_order  {"rps": 9473.6, "p50_ms": 6.0, "p99_ms": 26.24, "success": 1.0, "errors": {"aborted due to deadline": 64}, "cpu_cores": 0.966, "peak_mem_mb": 208.8, "rps_per_core": 9807.0}
  get_user@2000   {"rps": 1999.7, "p50_ms": 0.35, "p99_ms": 1.55, "success": 1.0, "errors": {"aborted due to deadline": 1}, "cpu_cores": 0.202, "peak_mem_mb": 210.1, "rps_per_core": 9900.0}
  create_order@1000   {"rps": 1000.0, "p50_ms": 0.51, "p99_ms": 2.52, "success": 1.0, "errors": {"aborted due to deadline": 3}, "cpu_cores": 0.337, "peak_mem_mb": 212.4, "rps_per_core": 2967.0}

### ts-sqlite 4cpu
startup 0.74s idle mem 188.2 MB
  health        {"rps": 202759.0, "p50_ms": 0.29, "p99_ms": 0.7, "success": 1.0, "errors": {"aborted due to deadline": 61}, "cpu_cores": 3.795, "peak_mem_mb": 216.5, "rps_per_core": 53428.0}
  get_user      {"rps": 164301.1, "p50_ms": 0.35, "p99_ms": 0.81, "success": 1.0, "errors": {"aborted due to deadline": 60}, "cpu_cores": 3.812, "peak_mem_mb": 220.1, "rps_per_core": 43101.0}
  proxy         {"rps": 83822.3, "p50_ms": 0.66, "p99_ms": 2.15, "success": 1.0, "errors": {"aborted due to deadline": 63}, "cpu_cores": 3.847, "peak_mem_mb": 273.9, "rps_per_core": 21789.0}
  get_order     {"rps": 94542.5, "p50_ms": 0.63, "p99_ms": 1.42, "success": 1.0, "errors": {"aborted due to deadline": 61}, "cpu_cores": 3.831, "peak_mem_mb": 327.6, "rps_per_core": 24678.0}
  list_orders   {"rps": 74530.5, "p50_ms": 0.78, "p99_ms": 1.78, "success": 1.0, "errors": {"aborted due to deadline": 58}, "cpu_cores": 3.842, "peak_mem_mb": 329.7, "rps_per_core": 19399.0}
  create_order  {"rps": 9612.1, "p50_ms": 2.08, "p99_ms": 61.82, "success": 1.0, "errors": {"aborted due to deadline": 64}, "cpu_cores": 1.129, "peak_mem_mb": 299.1, "rps_per_core": 8514.0}

### go-sqlite 1cpu
startup 0.442s idle mem 41.9 MB
  health        {"rps": 91976.4, "p50_ms": 0.69, "p99_ms": 1.55, "success": 1.0, "errors": {"aborted due to deadline": 62}, "cpu_cores": 0.958, "peak_mem_mb": 48.5, "rps_per_core": 96009.0}
  get_user      {"rps": 51550.8, "p50_ms": 1.2, "p99_ms": 1.72, "success": 1.0, "errors": {"aborted due to deadline": 64}, "cpu_cores": 0.961, "peak_mem_mb": 49.4, "rps_per_core": 53643.0}
  proxy         {"rps": 35302.6, "p50_ms": 1.6, "p99_ms": 3.65, "success": 1.0, "errors": {"aborted due to deadline": 62}, "cpu_cores": 0.961, "peak_mem_mb": 53.4, "rps_per_core": 36735.0}
  get_order     {"rps": 31496.7, "p50_ms": 1.9, "p99_ms": 3.0, "success": 1.0, "errors": {"aborted due to deadline": 62}, "cpu_cores": 0.953, "peak_mem_mb": 54.9, "rps_per_core": 33050.0}
  list_orders   {"rps": 20618.8, "p50_ms": 3.06, "p99_ms": 5.67, "success": 1.0, "errors": {"aborted due to deadline": 64}, "cpu_cores": 0.962, "peak_mem_mb": 55.4, "rps_per_core": 21433.0}
  create_order  {"rps": 9356.7, "p50_ms": 6.22, "p99_ms": 12.25, "success": 1.0, "errors": {"aborted due to deadline": 64}, "cpu_cores": 0.962, "peak_mem_mb": 90.0, "rps_per_core": 9726.0}
  get_user@2000   {"rps": 1999.4, "p50_ms": 0.38, "p99_ms": 1.5, "success": 1.0, "errors": {"aborted due to deadline": 1}, "cpu_cores": 0.218, "peak_mem_mb": 91.1, "rps_per_core": 9172.0}
  create_order@1000   {"rps": 1000.0, "p50_ms": 0.62, "p99_ms": 2.75, "success": 1.0, "errors": {"aborted due to deadline": 3}, "cpu_cores": 0.329, "peak_mem_mb": 93.7, "rps_per_core": 3040.0}

### go-sqlite 4cpu
startup 0.37s idle mem 37.0 MB
  health        {"rps": 196137.4, "p50_ms": 0.25, "p99_ms": 1.21, "success": 1.0, "errors": {"aborted due to deadline": 59}, "cpu_cores": 3.68, "peak_mem_mb": 49.2, "rps_per_core": 53298.0}
  get_user      {"rps": 119716.8, "p50_ms": 0.15, "p99_ms": 9.06, "success": 1.0, "errors": {"aborted due to deadline": 60}, "cpu_cores": 3.483, "peak_mem_mb": 65.1, "rps_per_core": 34372.0}
  proxy         {"rps": 79457.6, "p50_ms": 0.66, "p99_ms": 2.51, "success": 1.0, "errors": {"aborted due to deadline": 63}, "cpu_cores": 3.447, "peak_mem_mb": 69.2, "rps_per_core": 23051.0}
  get_order     {"rps": 82046.4, "p50_ms": 0.39, "p99_ms": 8.42, "success": 1.0, "errors": {"aborted due to deadline": 62}, "cpu_cores": 3.597, "peak_mem_mb": 96.2, "rps_per_core": 22810.0}
  list_orders   {"rps": 53228.8, "p50_ms": 1.02, "p99_ms": 3.51, "success": 1.0, "errors": {"aborted due to deadline": 63}, "cpu_cores": 3.605, "peak_mem_mb": 96.6, "rps_per_core": 14765.0}
  create_order  {"rps": 12252.5, "p50_ms": 3.71, "p99_ms": 22.96, "success": 1.0, "errors": {"aborted due to deadline": 64}, "cpu_cores": 1.802, "peak_mem_mb": 131.7, "rps_per_core": 6799.0}

### rust-sqlite 1cpu
startup 0.502s idle mem 41.0 MB
  health        {"rps": 143147.0, "p50_ms": 0.44, "p99_ms": 0.67, "success": 1.0, "errors": {"aborted due to deadline": 61}, "cpu_cores": 0.954, "peak_mem_mb": 44.7, "rps_per_core": 150049.0}
  get_user      {"rps": 15399.0, "p50_ms": 2.08, "p99_ms": 57.1, "success": 1.0, "errors": {"aborted due to deadline": 64}, "cpu_cores": 0.968, "peak_mem_mb": 96.1, "rps_per_core": 15908.0}
  proxy         {"rps": 49537.7, "p50_ms": 1.25, "p99_ms": 2.13, "success": 1.0, "errors": {"aborted due to deadline": 64}, "cpu_cores": 0.956, "peak_mem_mb": 107.4, "rps_per_core": 51818.0}
  get_order     {"rps": 1731.5, "p50_ms": 7.33, "p99_ms": 105.28, "success": 1.0, "errors": {"aborted due to deadline": 64}, "cpu_cores": 0.97, "peak_mem_mb": 169.2, "rps_per_core": 1785.0}
  list_orders   {"rps": 1468.3, "p50_ms": 10.41, "p99_ms": 109.07, "success": 1.0, "errors": {"aborted due to deadline": 64}, "cpu_cores": 0.971, "peak_mem_mb": 209.2, "rps_per_core": 1512.0}
  create_order  {"rps": 5796.0, "p50_ms": 9.52, "p99_ms": 27.54, "success": 1.0, "errors": {"aborted due to deadline": 64}, "cpu_cores": 0.967, "peak_mem_mb": 202.9, "rps_per_core": 5994.0}
  get_user@2000   {"rps": 1999.6, "p50_ms": 0.54, "p99_ms": 1.87, "success": 1.0, "errors": {"aborted due to deadline": 2}, "cpu_cores": 0.346, "peak_mem_mb": 221.3, "rps_per_core": 5779.0}
  create_order@1000   {"rps": 999.9, "p50_ms": 0.66, "p99_ms": 2.46, "success": 1.0, "errors": {"aborted due to deadline": 1}, "cpu_cores": 0.411, "peak_mem_mb": 212.3, "rps_per_core": 2433.0}

### rust-sqlite 4cpu
startup 0.491s idle mem 36.9 MB
  health        {"rps": 267049.7, "p50_ms": 0.23, "p99_ms": 0.44, "success": 1.0, "errors": {"aborted due to deadline": 58}, "cpu_cores": 3.627, "peak_mem_mb": 44.2, "rps_per_core": 73628.0}
  get_user      {"rps": 25400.2, "p50_ms": 2.49, "p99_ms": 4.84, "success": 1.0, "errors": {"aborted due to deadline": 63}, "cpu_cores": 2.718, "peak_mem_mb": 92.8, "rps_per_core": 9345.0}
  proxy         {"rps": 100959.0, "p50_ms": 0.6, "p99_ms": 1.76, "success": 1.0, "errors": {"aborted due to deadline": 60}, "cpu_cores": 3.556, "peak_mem_mb": 106.0, "rps_per_core": 28391.0}
  get_order     {"rps": 4920.6, "p50_ms": 5.56, "p99_ms": 72.33, "success": 1.0, "errors": {"aborted due to deadline": 61}, "cpu_cores": 3.872, "peak_mem_mb": 145.5, "rps_per_core": 1271.0}
  list_orders   {"rps": 7766.4, "p50_ms": 6.18, "p99_ms": 44.67, "success": 1.0, "errors": {"aborted due to deadline": 64}, "cpu_cores": 3.87, "peak_mem_mb": 171.2, "rps_per_core": 2007.0}
  create_order  {"rps": 7827.2, "p50_ms": 8.13, "p99_ms": 9.68, "success": 1.0, "errors": {"aborted due to deadline": 64}, "cpu_cores": 1.95, "peak_mem_mb": 167.4, "rps_per_core": 4014.0}
EXIT 0
